---
source: crates/toride-mise/tests/snapshots.rs
assertion_line: 141
expression: spec
---
CommandSpec {
    program: "mise",
    args: [
        "upgrade",
        "node",
    ],
    stdin: None,
    stdin_null: false,
    timeout: None,
    env: [],
    env_remove: [],
    clear_env: false,
    cwd: None,
    output_mode: Capture,
    redact: false,
    output_limit: None,
}
