---
source: crates/toride/src/ui/screens/toride_harden/mod.rs
expression: out
---
"╭ HARDEN · 1/2 params · 1 mount(s) · 2 finding(s) ─────────────────────────────────────────────────────────────────────╮"
"│ Profile                                                                                                              │"
"│   active   Desktop (15 params)                                                                                       │"
"│   audit    ! some failing  (1/2)                                                                                     │"
"│   hint     ← → cycle profile                                                                                         │"
"│                                                                                                                      │"
"│ Sysctl Parameters (2)                                                                                                │"
"│ ✓ kernel.randomize_va_space          2        2        Enable full ASLR                                              │"
"│ ✗ kernel.kptr_restrict               0        1        Restrict kernel pointers                                      │"
"│                                                                                                                      │"
"│ Shared Memory Mounts (1)                                                                                             │"
"│ ✓ /dev/shm             rw,nosuid,nodev,noexec                                                                        │"
"│                                                                                                                      │"
"│ Doctor Findings (2)                                                                                                  │"
"│ ! IMPORTANT (1)                                                                                                      │"
"│     · kptr_restrict is disabled                                                                                      │"
"│       → sysctl -w kernel.kptr_restrict=1                                                                             │"
"│ ✓ OK (1)                                                                                                             │"
"│     · ASLR is fully enabled (level 2)                                                                                │"
"│       kernel.randomize_va_space = 2: full ASLR is active.                                                            │"
"│                                                                                                                      │"
"│                                                                                                                      │"
"│                                                                                                                      │"
"│                                                                                                                      │"
"│                                                                                                                      │"
"│                                                                                                                      │"
"│                                                                                                                      │"
"│                                                                                                                      │"
"│                                                                                                                      │"
"│                                                                                                                      │"
"│                                                                                                                      │"
"│                                                                                                                      │"
"│                                                                                                                      │"
"│                                                                                                                      │"
"│                                                                                                                      │"
"│                                                                                                                      │"
"│                                                                                                                      │"
"│                                                                                                                      │"
"│                                                                                                                      │"
"╰──────────────────────────────────────────────────────────────────────────────────────────────────────────────────────╯"
