---
source: crates/toride/src/ui/screens/ufw_kit/mod.rs
expression: out
---
"╭ UFW · 2 rule(s) · 2 finding(s) ────────────────────────────────────────────────────────────────────────────╮"
"│ Status                                                                                                     │"
"│   state    ● active                                                                                        │"
"│   in       deny                                                                                            │"
"│   out      allow                                                                                           │"
"│   routed   reject                                                                                          │"
"│   logging  low                                                                                             │"
"│   version  ufw 0.36.1                                                                                      │"
"│                                                                                                            │"
"│ Rules (2)                                                                                                  │"
"│   [1] allow  in  22/tcp ALLOW IN Anywhere                                                                  │"
"│   [2] deny   out 53/udp DENY OUT Anywhere (v6)                                                             │"
"│                                                                                                            │"
"│ Doctor Findings (2)                                                                                        │"
"│ ! WARNING (1)                                                                                              │"
"│     · Could not read UFW version                                                                           │"
"│       → Install ufw: sudo apt install ufw                                                                  │"
"│ ✓ OK (1)                                                                                                   │"
"│     · UFW binary found                                                                                     │"
"│       The ufw binary is available on this system.                                                          │"
"│                                                                                                            │"
"│                                                                                                            │"
"│                                                                                                            │"
"│                                                                                                            │"
"│                                                                                                            │"
"│                                                                                                            │"
"│                                                                                                            │"
"│                                                                                                            │"
"│                                                                                                            │"
"│                                                                                                            │"
"│                                                                                                            │"
"│                                                                                                            │"
"│                                                                                                            │"
"│                                                                                                            │"
"│                                                                                                            │"
"│                                                                                                            │"
"│                                                                                                            │"
"│                                                                                                            │"
"│                                                                                                            │"
"╰────────────────────────────────────────────────────────────────────────────────────────────────────────────╯"
